================================================================================
JobID = 13381789
User = u25914, Account = nim00020
Partition = grete:shared, Nodelist = ggpu106
================================================================================
Segmenting actin in volume of shape (842, 1251, 1251)
Determined tile size for CUDA: {'tile': {'x': 512, 'y': 512, 'z': 64}, 'halo': {'x': 64, 'y': 64, 'z': 16}}
Traceback (most recent call last):
  File "/mnt/vast-nhr/projects/nim00020/sage/synapse-net-scripts/experiments/deepict/run8/predict_actin_experimental.py", line 78, in <module>
    main()
    ~~~~^^
  File "/mnt/vast-nhr/projects/nim00020/sage/synapse-net-scripts/experiments/deepict/run8/predict_actin_experimental.py", line 75, in main
    predict_actin(data_paths, model_path, metrics=True, csv_path=csv_path)
    ~~~~~~~~~~~~~^^^^^^^^^^^^^^^^^^^^^^^^^^^^^^^^^^^^^^^^^^^^^^^^^^^^^^^^^
  File "/mnt/vast-nhr/projects/nim00020/sage/synapse-net-scripts/experiments/deepict/run8/predict_actin_experimental.py", line 32, in predict_actin
    seg, pred = segment_actin(raw, model_path, verbose=True, return_predictions=True)
                ~~~~~~~~~~~~~^^^^^^^^^^^^^^^^^^^^^^^^^^^^^^^^^^^^^^^^^^^^^^^^^^^^^^^^
  File "/mnt/vast-nhr/projects/nim00020/sage/source/synapse-net/synapse_net/inference/actin.py", line 54, in segment_actin
    pred = get_prediction(input_volume, model=model, model_path=model_path, tiling=tiling, verbose=verbose)
  File "/mnt/vast-nhr/projects/nim00020/sage/source/synapse-net/synapse_net/inference/util.py", line 194, in get_prediction
    prediction = get_prediction_torch_em(
        input_volume, updated_tiling, model_path, model, verbose, with_channels,
        mask=mask, prediction=prediction, devices=devices, preprocess=preprocess,
    )
  File "/mnt/vast-nhr/projects/nim00020/sage/source/synapse-net/synapse_net/inference/util.py", line 246, in get_prediction_torch_em
    model = torch_em.util.load_model(checkpoint=model_path, device=devices[0])
  File "/mnt/vast-nhr/projects/nim00020/sage/source/torch-em/torch_em/util/util.py", line 376, in load_model
    model = get_trainer(checkpoint, name=name, device=device).model
            ~~~~~~~~~~~^^^^^^^^^^^^^^^^^^^^^^^^^^^^^^^^^^^^^^
  File "/mnt/vast-nhr/projects/nim00020/sage/source/torch-em/torch_em/util/util.py", line 321, in get_trainer
    trainer = torch_em.trainer.DefaultTrainer.from_checkpoint(checkpoint, name=name, device=device)
  File "/mnt/vast-nhr/projects/nim00020/sage/source/torch-em/torch_em/trainer/default_trainer.py", line 297, in from_checkpoint
    save_dict = cls._get_save_dict(save_path, device)
  File "/mnt/vast-nhr/projects/nim00020/sage/source/torch-em/torch_em/trainer/default_trainer.py", line 282, in _get_save_dict
    return torch.load(save_path, map_location=device, weights_only=False)
           ~~~~~~~~~~^^^^^^^^^^^^^^^^^^^^^^^^^^^^^^^^^^^^^^^^^^^^^^^^^^^^
  File "/mnt/vast-nhr/projects/nim00020/sage/envs/envs/synapse-net/lib/python3.13/site-packages/torch/serialization.py", line 1549, in load
    return _load(
        opened_zipfile,
    ...<3 lines>...
        **pickle_load_args,
    )
  File "/mnt/vast-nhr/projects/nim00020/sage/envs/envs/synapse-net/lib/python3.13/site-packages/torch/serialization.py", line 2143, in _load
    result = unpickler.load()
  File "/mnt/vast-nhr/projects/nim00020/sage/source/torch-em/torch_em/data/raw_dataset.py", line 381, in __setstate__
    self.sample_mask = load_data(sample_mask_path, sample_mask_key) if sample_mask_path is not None else None
                       ~~~~~~~~~^^^^^^^^^^^^^^^^^^^^^^^^^^^^^^^^^^^
  File "/mnt/vast-nhr/projects/nim00020/sage/source/torch-em/torch_em/util/image.py", line 109, in load_data
    return open_file(path, mode=mode)[key]
           ~~~~~~~~~~~~~~~~~~~~~~~~~~^^^^^
  File "h5py/_objects.pyx", line 54, in h5py._objects.with_phil.wrapper
  File "h5py/_objects.pyx", line 55, in h5py._objects.with_phil.wrapper
  File "/mnt/vast-nhr/projects/nim00020/sage/envs/envs/synapse-net/lib/python3.13/site-packages/h5py/_hl/group.py", line 367, in __getitem__
    oid = h5o.open(self.id, self._e(name), lapl=self._lapl)
  File "h5py/_objects.pyx", line 54, in h5py._objects.with_phil.wrapper
  File "h5py/_objects.pyx", line 55, in h5py._objects.with_phil.wrapper
  File "h5py/h5o.pyx", line 255, in h5py.h5o.open
KeyError: "Unable to synchronously open object (object 'sample_mask' doesn't exist)"
============ Job Information ===================================================
Submitted: 2026-04-15T13:05:36
Started: 2026-04-15T13:06:32
Ended: 2026-04-15T13:08:19
Elapsed: 2 min, Limit: 120 min, Difference: 118 min
CPUs: 8, Nodes: 1
Estimated Consumption: 5.00 core-hours
================================================================================
